This is pdfTeX, Version 3.141592653-2.6-1.40.26 (TeX Live 2024) (preloaded format=pdflatex 2024.5.7)  31 MAY 2024 17:22
entering extended mode
 restricted \write18 enabled.
 %&-line parsing enabled.
**did-update.tex
(./did-update.tex
LaTeX2e <2023-11-01> patch level 1
L3 programming layer <2024-04-11>
(/Users/louise/Library/TinyTeX/texmf-dist/tex/latex/base/article.cls
Document Class: article 2023/05/17 v1.4n Standard LaTeX document class
(/Users/louise/Library/TinyTeX/texmf-dist/tex/latex/base/size10.clo
File: size10.clo 2023/05/17 v1.4n Standard LaTeX file (size option)
)
\c@part=\count189
\c@section=\count190
\c@subsection=\count191
\c@subsubsection=\count192
\c@paragraph=\count193
\c@subparagraph=\count194
\c@figure=\count195
\c@table=\count196
\abovecaptionskip=\skip48
\belowcaptionskip=\skip49
\bibindent=\dimen140
) (/Users/louise/Library/TinyTeX/texmf-dist/tex/latex/amsmath/amsmath.sty
Package: amsmath 2023/05/13 v2.17o AMS math features
\@mathmargin=\skip50
For additional information on amsmath, use the `?' option.
(/Users/louise/Library/TinyTeX/texmf-dist/tex/latex/amsmath/amstext.sty
Package: amstext 2021/08/26 v2.01 AMS text
(/Users/louise/Library/TinyTeX/texmf-dist/tex/latex/amsmath/amsgen.sty
File: amsgen.sty 1999/11/30 v2.0 generic functions
\@emptytoks=\toks17
\ex@=\dimen141
)) (/Users/louise/Library/TinyTeX/texmf-dist/tex/latex/amsmath/amsbsy.sty
Package: amsbsy 1999/11/29 v1.2d Bold Symbols
\pmbraise@=\dimen142
) (/Users/louise/Library/TinyTeX/texmf-dist/tex/latex/amsmath/amsopn.sty
Package: amsopn 2022/04/08 v2.04 operator names
)
\inf@bad=\count197
LaTeX Info: Redefining \frac on input line 234.
\uproot@=\count198
\leftroot@=\count199
LaTeX Info: Redefining \overline on input line 399.
LaTeX Info: Redefining \colon on input line 410.
\classnum@=\count266
\DOTSCASE@=\count267
LaTeX Info: Redefining \ldots on input line 496.
LaTeX Info: Redefining \dots on input line 499.
LaTeX Info: Redefining \cdots on input line 620.
\Mathstrutbox@=\box51
\strutbox@=\box52
LaTeX Info: Redefining \big on input line 722.
LaTeX Info: Redefining \Big on input line 723.
LaTeX Info: Redefining \bigg on input line 724.
LaTeX Info: Redefining \Bigg on input line 725.
\big@size=\dimen143
LaTeX Font Info:    Redeclaring font encoding OML on input line 743.
LaTeX Font Info:    Redeclaring font encoding OMS on input line 744.
\macc@depth=\count268
LaTeX Info: Redefining \bmod on input line 905.
LaTeX Info: Redefining \pmod on input line 910.
LaTeX Info: Redefining \smash on input line 940.
LaTeX Info: Redefining \relbar on input line 970.
LaTeX Info: Redefining \Relbar on input line 971.
\c@MaxMatrixCols=\count269
\dotsspace@=\muskip16
\c@parentequation=\count270
\dspbrk@lvl=\count271
\tag@help=\toks18
\row@=\count272
\column@=\count273
\maxfields@=\count274
\andhelp@=\toks19
\eqnshift@=\dimen144
\alignsep@=\dimen145
\tagshift@=\dimen146
\tagwidth@=\dimen147
\totwidth@=\dimen148
\lineht@=\dimen149
\@envbody=\toks20
\multlinegap=\skip51
\multlinetaggap=\skip52
\mathdisplay@stack=\toks21
LaTeX Info: Redefining \[ on input line 2953.
LaTeX Info: Redefining \] on input line 2954.
) (/Users/louise/Library/TinyTeX/texmf-dist/tex/latex/amsfonts/amssymb.sty
Package: amssymb 2013/01/14 v3.01 AMS font symbols
(/Users/louise/Library/TinyTeX/texmf-dist/tex/latex/amsfonts/amsfonts.sty
Package: amsfonts 2013/01/14 v3.01 Basic AMSFonts support
\symAMSa=\mathgroup4
\symAMSb=\mathgroup5
LaTeX Font Info:    Redeclaring math symbol \hbar on input line 98.
LaTeX Font Info:    Overwriting math alphabet `\mathfrak' in version `bold'
(Font)                  U/euf/m/n --> U/euf/b/n on input line 106.
)) (/Users/louise/Library/TinyTeX/texmf-dist/tex/generic/iftex/iftex.sty
Package: iftex 2022/02/03 v1.0f TeX engine tests
) (/Users/louise/Library/TinyTeX/texmf-dist/tex/latex/base/fontenc.sty
Package: fontenc 2021/04/29 v2.0v Standard LaTeX package
) (/Users/louise/Library/TinyTeX/texmf-dist/tex/latex/base/inputenc.sty
Package: inputenc 2021/02/14 v1.3d Input encoding file
\inpenc@prehook=\toks22
\inpenc@posthook=\toks23
) (/Users/louise/Library/TinyTeX/texmf-dist/tex/latex/base/textcomp.sty
Package: textcomp 2020/02/02 v2.0n Standard LaTeX package
) (/Users/louise/Library/TinyTeX/texmf-dist/tex/latex/lm/lmodern.sty
Package: lmodern 2015/05/01 v1.6.1 Latin Modern Fonts
LaTeX Font Info:    Overwriting symbol font `operators' in version `normal'
(Font)                  OT1/cmr/m/n --> OT1/lmr/m/n on input line 22.
LaTeX Font Info:    Overwriting symbol font `letters' in version `normal'
(Font)                  OML/cmm/m/it --> OML/lmm/m/it on input line 23.
LaTeX Font Info:    Overwriting symbol font `symbols' in version `normal'
(Font)                  OMS/cmsy/m/n --> OMS/lmsy/m/n on input line 24.
LaTeX Font Info:    Overwriting symbol font `largesymbols' in version `normal'
(Font)                  OMX/cmex/m/n --> OMX/lmex/m/n on input line 25.
LaTeX Font Info:    Overwriting symbol font `operators' in version `bold'
(Font)                  OT1/cmr/bx/n --> OT1/lmr/bx/n on input line 26.
LaTeX Font Info:    Overwriting symbol font `letters' in version `bold'
(Font)                  OML/cmm/b/it --> OML/lmm/b/it on input line 27.
LaTeX Font Info:    Overwriting symbol font `symbols' in version `bold'
(Font)                  OMS/cmsy/b/n --> OMS/lmsy/b/n on input line 28.
LaTeX Font Info:    Overwriting symbol font `largesymbols' in version `bold'
(Font)                  OMX/cmex/m/n --> OMX/lmex/m/n on input line 29.
LaTeX Font Info:    Overwriting math alphabet `\mathbf' in version `normal'
(Font)                  OT1/cmr/bx/n --> OT1/lmr/bx/n on input line 31.
LaTeX Font Info:    Overwriting math alphabet `\mathsf' in version `normal'
(Font)                  OT1/cmss/m/n --> OT1/lmss/m/n on input line 32.
LaTeX Font Info:    Overwriting math alphabet `\mathit' in version `normal'
(Font)                  OT1/cmr/m/it --> OT1/lmr/m/it on input line 33.
LaTeX Font Info:    Overwriting math alphabet `\mathtt' in version `normal'
(Font)                  OT1/cmtt/m/n --> OT1/lmtt/m/n on input line 34.
LaTeX Font Info:    Overwriting math alphabet `\mathbf' in version `bold'
(Font)                  OT1/cmr/bx/n --> OT1/lmr/bx/n on input line 35.
LaTeX Font Info:    Overwriting math alphabet `\mathsf' in version `bold'
(Font)                  OT1/cmss/bx/n --> OT1/lmss/bx/n on input line 36.
LaTeX Font Info:    Overwriting math alphabet `\mathit' in version `bold'
(Font)                  OT1/cmr/bx/it --> OT1/lmr/bx/it on input line 37.
LaTeX Font Info:    Overwriting math alphabet `\mathtt' in version `bold'
(Font)                  OT1/cmtt/m/n --> OT1/lmtt/m/n on input line 38.
) (/Users/louise/Library/TinyTeX/texmf-dist/tex/latex/xcolor/xcolor.sty
Package: xcolor 2023/11/15 v3.01 LaTeX color extensions (UK)
(/Users/louise/Library/TinyTeX/texmf-dist/tex/latex/graphics-cfg/color.cfg
File: color.cfg 2016/01/02 v1.6 sample color configuration
)
Package xcolor Info: Driver file: pdftex.def on input line 274.
(/Users/louise/Library/TinyTeX/texmf-dist/tex/latex/graphics-def/pdftex.def
File: pdftex.def 2024/04/13 v1.2c Graphics/color driver for pdftex
) (/Users/louise/Library/TinyTeX/texmf-dist/tex/latex/graphics/mathcolor.ltx)
Package xcolor Info: Model `cmy' substituted by `cmy0' on input line 1350.
Package xcolor Info: Model `hsb' substituted by `rgb' on input line 1354.
Package xcolor Info: Model `RGB' extended on input line 1366.
Package xcolor Info: Model `HTML' substituted by `rgb' on input line 1368.
Package xcolor Info: Model `Hsb' substituted by `hsb' on input line 1369.
Package xcolor Info: Model `tHsb' substituted by `hsb' on input line 1370.
Package xcolor Info: Model `HSB' substituted by `hsb' on input line 1371.
Package xcolor Info: Model `Gray' substituted by `gray' on input line 1372.
Package xcolor Info: Model `wave' substituted by `hsb' on input line 1373.
) (/Users/louise/Library/TinyTeX/texmf-dist/tex/latex/geometry/geometry.sty
Package: geometry 2020/01/02 v5.9 Page Geometry
(/Users/louise/Library/TinyTeX/texmf-dist/tex/latex/graphics/keyval.sty
Package: keyval 2022/05/29 v1.15 key=value parser (DPC)
\KV@toks@=\toks24
) (/Users/louise/Library/TinyTeX/texmf-dist/tex/generic/iftex/ifvtex.sty
Package: ifvtex 2019/10/25 v1.7 ifvtex legacy package. Use iftex instead.
)
\Gm@cnth=\count275
\Gm@cntv=\count276
\c@Gm@tempcnt=\count277
\Gm@bindingoffset=\dimen150
\Gm@wd@mp=\dimen151
\Gm@odd@mp=\dimen152
\Gm@even@mp=\dimen153
\Gm@layoutwidth=\dimen154
\Gm@layoutheight=\dimen155
\Gm@layouthoffset=\dimen156
\Gm@layoutvoffset=\dimen157
\Gm@dimlist=\toks25
) (/Users/louise/Library/TinyTeX/texmf-dist/tex/latex/tools/longtable.sty
Package: longtable 2023-11-01 v4.19 Multi-page Table package (DPC)
\LTleft=\skip53
\LTright=\skip54
\LTpre=\skip55
\LTpost=\skip56
\LTchunksize=\count278
\LTcapwidth=\dimen158
\LT@head=\box53
\LT@firsthead=\box54
\LT@foot=\box55
\LT@lastfoot=\box56
\LT@gbox=\box57
\LT@cols=\count279
\LT@rows=\count280
\c@LT@tables=\count281
\c@LT@chunks=\count282
\LT@p@ftn=\toks26
) (/Users/louise/Library/TinyTeX/texmf-dist/tex/latex/booktabs/booktabs.sty
Package: booktabs 2020/01/12 v1.61803398 Publication quality tables
\heavyrulewidth=\dimen159
\lightrulewidth=\dimen160
\cmidrulewidth=\dimen161
\belowrulesep=\dimen162
\belowbottomsep=\dimen163
\aboverulesep=\dimen164
\abovetopsep=\dimen165
\cmidrulesep=\dimen166
\cmidrulekern=\dimen167
\defaultaddspace=\dimen168
\@cmidla=\count283
\@cmidlb=\count284
\@aboverulesep=\dimen169
\@belowrulesep=\dimen170
\@thisruleclass=\count285
\@lastruleclass=\count286
\@thisrulewidth=\dimen171
) (/Users/louise/Library/TinyTeX/texmf-dist/tex/latex/tools/array.sty
Package: array 2023/10/16 v2.5g Tabular extension package (FMi)
\col@sep=\dimen172
\ar@mcellbox=\box58
\extrarowheight=\dimen173
\NC@list=\toks27
\extratabsurround=\skip57
\backup@length=\skip58
\ar@cellbox=\box59
) (/Users/louise/Library/TinyTeX/texmf-dist/tex/latex/tools/calc.sty
Package: calc 2023/07/08 v4.3 Infix arithmetic (KKT,FJ)
\calc@Acount=\count287
\calc@Bcount=\count288
\calc@Adimen=\dimen174
\calc@Bdimen=\dimen175
\calc@Askip=\skip59
\calc@Bskip=\skip60
LaTeX Info: Redefining \setlength on input line 80.
LaTeX Info: Redefining \addtolength on input line 81.
\calc@Ccount=\count289
\calc@Cskip=\skip61
) (/Users/louise/Library/TinyTeX/texmf-dist/tex/latex/etoolbox/etoolbox.sty
Package: etoolbox 2020/10/05 v2.5k e-TeX tools for LaTeX (JAW)
\etb@tempcnta=\count290
) (/Users/louise/Library/TinyTeX/texmf-dist/tex/latex/mdwtools/footnote.sty
Package: footnote 1997/01/28 1.13 Save footnotes around boxes
\fn@notes=\box60
\fn@width=\dimen176
) (/Users/louise/Library/TinyTeX/texmf-dist/tex/latex/graphics/graphicx.sty
Package: graphicx 2021/09/16 v1.2d Enhanced LaTeX Graphics (DPC,SPQR)
(/Users/louise/Library/TinyTeX/texmf-dist/tex/latex/graphics/graphics.sty
Package: graphics 2022/03/10 v1.4e Standard LaTeX Graphics (DPC,SPQR)
(/Users/louise/Library/TinyTeX/texmf-dist/tex/latex/graphics/trig.sty
Package: trig 2021/08/11 v1.11 sin cos tan (DPC)
) (/Users/louise/Library/TinyTeX/texmf-dist/tex/latex/graphics-cfg/graphics.cfg
File: graphics.cfg 2016/06/04 v1.11 sample graphics configuration
)
Package graphics Info: Driver file: pdftex.def on input line 107.
)
\Gin@req@height=\dimen177
\Gin@req@width=\dimen178
) (/Users/louise/Library/TinyTeX/texmf-dist/tex/latex/float/float.sty
Package: float 2001/11/08 v1.3d Float enhancements (AL)
\c@float@type=\count291
\float@exts=\toks28
\float@box=\box61
\@float@everytoks=\toks29
\@floatcapt=\box62
) (/Users/louise/Library/TinyTeX/texmf-dist/tex/latex/graphics/lscape.sty
Package: lscape 2020/05/28 v3.02 Landscape Pages (DPC)
) (/Users/louise/Library/TinyTeX/texmf-dist/tex/latex/mathtools/mathtools.sty
Package: mathtools 2024/03/11 v1.30 mathematical typesetting tools
(/Users/louise/Library/TinyTeX/texmf-dist/tex/latex/mathtools/mhsetup.sty
Package: mhsetup 2021/03/18 v1.4 programming setup (MH)
)
\g_MT_multlinerow_int=\count292
\l_MT_multwidth_dim=\dimen179
\origjot=\skip62
\l_MT_shortvdotswithinadjustabove_dim=\dimen180
\l_MT_shortvdotswithinadjustbelow_dim=\dimen181
\l_MT_above_intertext_sep=\dimen182
\l_MT_below_intertext_sep=\dimen183
\l_MT_above_shortintertext_sep=\dimen184
\l_MT_below_shortintertext_sep=\dimen185
\xmathstrut@box=\box63
\xmathstrut@dim=\dimen186
) (/Users/louise/Library/TinyTeX/texmf-dist/tex/latex/multirow/multirow.sty
Package: multirow 2021/03/15 v2.8 Span multiple rows of a table
\multirow@colwidth=\skip63
\multirow@cntb=\count293
\multirow@dima=\skip64
\bigstrutjot=\dimen187
) (/Users/louise/Library/TinyTeX/texmf-dist/tex/latex/wrapfig/wrapfig.sty
\wrapoverhang=\dimen188
\WF@size=\dimen189
\c@WF@wrappedlines=\count294
\WF@box=\box64
\WF@everypar=\toks30
Package: wrapfig 2003/01/31  v 3.6
) (/Users/louise/Library/TinyTeX/texmf-dist/tex/latex/colortbl/colortbl.sty
Package: colortbl 2024/02/20 v1.0g Color table columns (DPC)
\everycr=\toks31
\minrowclearance=\skip65
\rownum=\count295
) (/Users/louise/Library/TinyTeX/texmf-dist/tex/latex/pdflscape/pdflscape.sty
Package: pdflscape 2022-10-27 v0.13 Display of landscape pages in PDF
(/Users/louise/Library/TinyTeX/texmf-dist/tex/latex/pdflscape/pdflscape-nometadata.sty
Package: pdflscape-nometadata 2022-10-28 v0.13 Display of landscape pages in PDF (HO)
Package pdflscape Info: Auto-detected driver: pdftex on input line 81.
)) (/Users/louise/Library/TinyTeX/texmf-dist/tex/latex/tabu/tabu.sty
Package: tabu 2019/01/11 v2.9 - flexible LaTeX tabulars (FC+tabu-fixed)
(/Users/louise/Library/TinyTeX/texmf-dist/tex/latex/varwidth/varwidth.sty
Package: varwidth 2009/03/30 ver 0.92;  Variable-width minipages
\@vwid@box=\box65
\sift@deathcycles=\count296
\@vwid@loff=\dimen190
\@vwid@roff=\dimen191
)
\c@taburow=\count297
\tabu@nbcols=\count298
\tabu@cnt=\count299
\tabu@Xcol=\count300
\tabu@alloc=\count301
\tabu@nested=\count302
\tabu@target=\dimen192
\tabu@spreadtarget=\dimen193
\tabu@naturalX=\dimen194
\tabucolX=\dimen195
\tabu@Xsum=\dimen196
\extrarowdepth=\dimen197
\abovetabulinesep=\dimen198
\belowtabulinesep=\dimen199
\tabustrutrule=\dimen256
\tabu@thebody=\toks32
\tabu@footnotes=\toks33
\tabu@box=\box66
\tabu@arstrutbox=\box67
\tabu@hleads=\box68
\tabu@vleads=\box69
\tabu@cellskip=\skip66
) (/Users/louise/Library/TinyTeX/texmf-dist/tex/latex/threeparttable/threeparttable.sty
Package: threeparttable 2003/06/13  v 3.0
\@tempboxb=\box70
) (/Users/louise/Library/TinyTeX/texmf-dist/tex/latex/threeparttablex/threeparttablex.sty
Package: threeparttablex 2013/07/23 v0.3 by daleif
(/Users/louise/Library/TinyTeX/texmf-dist/tex/latex/environ/environ.sty
Package: environ 2014/05/04 v0.3 A new way to define environments
(/Users/louise/Library/TinyTeX/texmf-dist/tex/latex/trimspaces/trimspaces.sty
Package: trimspaces 2009/09/17 v1.1 Trim spaces around a token list
))
\TPTL@width=\skip67
) (/Users/louise/Library/TinyTeX/texmf-dist/tex/generic/ulem/ulem.sty
\UL@box=\box71
\UL@hyphenbox=\box72
\UL@skip=\skip68
\UL@hook=\toks34
\UL@height=\dimen257
\UL@pe=\count303
\UL@pixel=\dimen258
\ULC@box=\box73
Package: ulem 2019/11/18
\ULdepth=\dimen259
) (/Users/louise/Library/TinyTeX/texmf-dist/tex/latex/makecell/makecell.sty
Package: makecell 2009/08/03 V0.1e Managing of Tab Column Heads and Cells
\rotheadsize=\dimen260
\c@nlinenum=\count304
\TeXr@lab=\toks35
) (/Users/louise/Library/TinyTeX/texmf-dist/tex/latex/bookmark/bookmark.sty
Package: bookmark 2023-12-10 v1.31 PDF bookmarks (HO)
(/Users/louise/Library/TinyTeX/texmf-dist/tex/latex/hyperref/hyperref.sty
Package: hyperref 2024-01-20 v7.01h Hypertext links for LaTeX
(/Users/louise/Library/TinyTeX/texmf-dist/tex/latex/kvsetkeys/kvsetkeys.sty
Package: kvsetkeys 2022-10-05 v1.19 Key value parser (HO)
) (/Users/louise/Library/TinyTeX/texmf-dist/tex/generic/kvdefinekeys/kvdefinekeys.sty
Package: kvdefinekeys 2019-12-19 v1.6 Define keys (HO)
) (/Users/louise/Library/TinyTeX/texmf-dist/tex/generic/pdfescape/pdfescape.sty
Package: pdfescape 2019/12/09 v1.15 Implements pdfTeX's escape features (HO)
(/Users/louise/Library/TinyTeX/texmf-dist/tex/generic/ltxcmds/ltxcmds.sty
Package: ltxcmds 2023-12-04 v1.26 LaTeX kernel commands for general use (HO)
) (/Users/louise/Library/TinyTeX/texmf-dist/tex/generic/pdftexcmds/pdftexcmds.sty
Package: pdftexcmds 2020-06-27 v0.33 Utility functions of pdfTeX for LuaTeX (HO)
(/Users/louise/Library/TinyTeX/texmf-dist/tex/generic/infwarerr/infwarerr.sty
Package: infwarerr 2019/12/03 v1.5 Providing info/warning/error messages (HO)
)
Package pdftexcmds Info: \pdf@primitive is available.
Package pdftexcmds Info: \pdf@ifprimitive is available.
Package pdftexcmds Info: \pdfdraftmode found.
)) (/Users/louise/Library/TinyTeX/texmf-dist/tex/latex/hycolor/hycolor.sty
Package: hycolor 2020-01-27 v1.10 Color options for hyperref/bookmark (HO)
) (/Users/louise/Library/TinyTeX/texmf-dist/tex/latex/auxhook/auxhook.sty
Package: auxhook 2019-12-17 v1.6 Hooks for auxiliary files (HO)
) (/Users/louise/Library/TinyTeX/texmf-dist/tex/latex/hyperref/nameref.sty
Package: nameref 2023-11-26 v2.56 Cross-referencing by name of section
(/Users/louise/Library/TinyTeX/texmf-dist/tex/latex/refcount/refcount.sty
Package: refcount 2019/12/15 v3.6 Data extraction from label references (HO)
) (/Users/louise/Library/TinyTeX/texmf-dist/tex/generic/gettitlestring/gettitlestring.sty
Package: gettitlestring 2019/12/15 v1.6 Cleanup title references (HO)
(/Users/louise/Library/TinyTeX/texmf-dist/tex/latex/kvoptions/kvoptions.sty
Package: kvoptions 2022-06-15 v3.15 Key value format for package options (HO)
))
\c@section@level=\count305
)
\@linkdim=\dimen261
\Hy@linkcounter=\count306
\Hy@pagecounter=\count307
(/Users/louise/Library/TinyTeX/texmf-dist/tex/latex/hyperref/pd1enc.def
File: pd1enc.def 2024-01-20 v7.01h Hyperref: PDFDocEncoding definition (HO)
Now handling font encoding PD1 ...
... no UTF-8 mapping file for font encoding PD1
) (/Users/louise/Library/TinyTeX/texmf-dist/tex/generic/intcalc/intcalc.sty
Package: intcalc 2019/12/15 v1.3 Expandable calculations with integers (HO)
)
\Hy@SavedSpaceFactor=\count308
(/Users/louise/Library/TinyTeX/texmf-dist/tex/latex/hyperref/puenc.def
File: puenc.def 2024-01-20 v7.01h Hyperref: PDF Unicode definition (HO)
Now handling font encoding PU ...
... no UTF-8 mapping file for font encoding PU
)
Package hyperref Info: Option `unicode' set `true' on input line 4062.
Package hyperref Info: Hyper figures OFF on input line 4179.
Package hyperref Info: Link nesting OFF on input line 4184.
Package hyperref Info: Hyper index ON on input line 4187.
Package hyperref Info: Plain pages OFF on input line 4194.
Package hyperref Info: Backreferencing OFF on input line 4199.
Package hyperref Info: Implicit mode ON; LaTeX internals redefined.
Package hyperref Info: Bookmarks ON on input line 4446.
\c@Hy@tempcnt=\count309
(/Users/louise/Library/TinyTeX/texmf-dist/tex/latex/url/url.sty
\Urlmuskip=\muskip17
Package: url 2013/09/16  ver 3.4  Verb mode for urls, etc.
)
LaTeX Info: Redefining \url on input line 4784.
\XeTeXLinkMargin=\dimen262
(/Users/louise/Library/TinyTeX/texmf-dist/tex/generic/bitset/bitset.sty
Package: bitset 2019/12/09 v1.3 Handle bit-vector datatype (HO)
(/Users/louise/Library/TinyTeX/texmf-dist/tex/generic/bigintcalc/bigintcalc.sty
Package: bigintcalc 2019/12/15 v1.5 Expandable calculations on big integers (HO)
))
\Fld@menulength=\count310
\Field@Width=\dimen263
\Fld@charsize=\dimen264
Package hyperref Info: Hyper figures OFF on input line 6063.
Package hyperref Info: Link nesting OFF on input line 6068.
Package hyperref Info: Hyper index ON on input line 6071.
Package hyperref Info: backreferencing OFF on input line 6078.
Package hyperref Info: Link coloring OFF on input line 6083.
Package hyperref Info: Link coloring with OCG OFF on input line 6088.
Package hyperref Info: PDF/A mode OFF on input line 6093.
(/Users/louise/Library/TinyTeX/texmf-dist/tex/latex/base/atbegshi-ltx.sty
Package: atbegshi-ltx 2021/01/10 v1.0c Emulation of the original atbegshi
package with kernel methods
)
\Hy@abspage=\count311
\c@Item=\count312
\c@Hfootnote=\count313
)
Package hyperref Info: Driver (autodetected): hpdftex.
(/Users/louise/Library/TinyTeX/texmf-dist/tex/latex/hyperref/hpdftex.def
File: hpdftex.def 2024-01-20 v7.01h Hyperref driver for pdfTeX
(/Users/louise/Library/TinyTeX/texmf-dist/tex/latex/base/atveryend-ltx.sty
Package: atveryend-ltx 2020/08/19 v1.0a Emulation of the original atveryend package
with kernel methods
)
\Fld@listcount=\count314
\c@bookmark@seq@number=\count315
(/Users/louise/Library/TinyTeX/texmf-dist/tex/latex/rerunfilecheck/rerunfilecheck.sty
Package: rerunfilecheck 2022-07-10 v1.10 Rerun checks for auxiliary files (HO)
(/Users/louise/Library/TinyTeX/texmf-dist/tex/generic/uniquecounter/uniquecounter.sty
Package: uniquecounter 2019/12/15 v1.4 Provide unlimited unique counter (HO)
)
Package uniquecounter Info: New unique counter `rerunfilecheck' on input line 285.
)
\Hy@SectionHShift=\skip69
) (/Users/louise/Library/TinyTeX/texmf-dist/tex/latex/bookmark/bkm-pdftex.def
File: bkm-pdftex.def 2023-12-10 v1.31 bookmark driver for pdfTeX and luaTeX (HO)
\BKM@id=\count316
))
LaTeX Font Info:    Trying to load font information for T1+lmr on input line 104.
(/Users/louise/Library/TinyTeX/texmf-dist/tex/latex/lm/t1lmr.fd
File: t1lmr.fd 2015/05/01 v1.6.1 Font defs for Latin Modern
) (/Users/louise/Library/TinyTeX/texmf-dist/tex/latex/l3backend/l3backend-pdftex.def
File: l3backend-pdftex.def 2024-04-11 L3 backend support: PDF output (pdfTeX)
\l__color_backend_stack_int=\count317
\l__pdf_internal_box=\box74
) (./did-update.aux)
\openout1 = `did-update.aux'.

LaTeX Font Info:    Checking defaults for OML/cmm/m/it on input line 104.
LaTeX Font Info:    ... okay on input line 104.
LaTeX Font Info:    Checking defaults for OMS/cmsy/m/n on input line 104.
LaTeX Font Info:    ... okay on input line 104.
LaTeX Font Info:    Checking defaults for OT1/cmr/m/n on input line 104.
LaTeX Font Info:    ... okay on input line 104.
LaTeX Font Info:    Checking defaults for T1/cmr/m/n on input line 104.
LaTeX Font Info:    ... okay on input line 104.
LaTeX Font Info:    Checking defaults for TS1/cmr/m/n on input line 104.
LaTeX Font Info:    ... okay on input line 104.
LaTeX Font Info:    Checking defaults for OMX/cmex/m/n on input line 104.
LaTeX Font Info:    ... okay on input line 104.
LaTeX Font Info:    Checking defaults for U/cmr/m/n on input line 104.
LaTeX Font Info:    ... okay on input line 104.
LaTeX Font Info:    Checking defaults for PD1/pdf/m/n on input line 104.
LaTeX Font Info:    ... okay on input line 104.
LaTeX Font Info:    Checking defaults for PU/pdf/m/n on input line 104.
LaTeX Font Info:    ... okay on input line 104.
(/Users/louise/Library/TinyTeX/texmf-dist/tex/latex/epstopdf-pkg/epstopdf-base.sty
Package: epstopdf-base 2020-01-24 v2.11 Base part for package epstopdf
Package epstopdf-base Info: Redefining graphics rule for `.eps' on input line 485.
(/Users/louise/Library/TinyTeX/texmf-dist/tex/latex/latexconfig/epstopdf-sys.cfg
File: epstopdf-sys.cfg 2010/07/13 v1.3 Configuration of (r)epstopdf for TeX Live
))
*geometry* driver: auto-detecting
*geometry* detected driver: pdftex
*geometry* verbose mode - [ preamble ] result:
* driver: pdftex
* paper: <default>
* layout: <same size as paper>
* layoutoffset:(h,v)=(0.0pt,0.0pt)
* modes: 
* h-part:(L,W,R)=(72.26999pt, 469.75502pt, 72.26999pt)
* v-part:(T,H,B)=(72.26999pt, 650.43001pt, 72.26999pt)
* \paperwidth=614.295pt
* \paperheight=794.96999pt
* \textwidth=469.75502pt
* \textheight=650.43001pt
* \oddsidemargin=0.0pt
* \evensidemargin=0.0pt
* \topmargin=-37.0pt
* \headheight=12.0pt
* \headsep=25.0pt
* \topskip=10.0pt
* \footskip=30.0pt
* \marginparwidth=65.0pt
* \marginparsep=11.0pt
* \columnsep=10.0pt
* \skip\footins=9.0pt plus 4.0pt minus 2.0pt
* \hoffset=0.0pt
* \voffset=0.0pt
* \mag=1000
* \@twocolumnfalse
* \@twosidefalse
* \@mparswitchfalse
* \@reversemarginfalse
* (1in=72.27pt=25.4mm, 1cm=28.453pt)

Package hyperref Info: Link coloring OFF on input line 104.
LaTeX Font Info:    Trying to load font information for OT1+lmr on input line 106.
(/Users/louise/Library/TinyTeX/texmf-dist/tex/latex/lm/ot1lmr.fd
File: ot1lmr.fd 2015/05/01 v1.6.1 Font defs for Latin Modern
)
LaTeX Font Info:    Trying to load font information for OML+lmm on input line 106.
(/Users/louise/Library/TinyTeX/texmf-dist/tex/latex/lm/omllmm.fd
File: omllmm.fd 2015/05/01 v1.6.1 Font defs for Latin Modern
)
LaTeX Font Info:    Trying to load font information for OMS+lmsy on input line 106.
(/Users/louise/Library/TinyTeX/texmf-dist/tex/latex/lm/omslmsy.fd
File: omslmsy.fd 2015/05/01 v1.6.1 Font defs for Latin Modern
)
LaTeX Font Info:    Trying to load font information for OMX+lmex on input line 106.
(/Users/louise/Library/TinyTeX/texmf-dist/tex/latex/lm/omxlmex.fd
File: omxlmex.fd 2015/05/01 v1.6.1 Font defs for Latin Modern
)
LaTeX Font Info:    External font `lmex10' loaded for size
(Font)              <12> on input line 106.
LaTeX Font Info:    External font `lmex10' loaded for size
(Font)              <8> on input line 106.
LaTeX Font Info:    External font `lmex10' loaded for size
(Font)              <6> on input line 106.
LaTeX Font Info:    Trying to load font information for U+msa on input line 106.
(/Users/louise/Library/TinyTeX/texmf-dist/tex/latex/amsfonts/umsa.fd
File: umsa.fd 2013/01/14 v3.01 AMS symbols A
)
LaTeX Font Info:    Trying to load font information for U+msb on input line 106.
(/Users/louise/Library/TinyTeX/texmf-dist/tex/latex/amsfonts/umsb.fd
File: umsb.fd 2013/01/14 v3.01 AMS symbols B
) (./did-update.toc
LaTeX Font Info:    External font `lmex10' loaded for size
(Font)              <10> on input line 3.
LaTeX Font Info:    External font `lmex10' loaded for size
(Font)              <7> on input line 3.
LaTeX Font Info:    External font `lmex10' loaded for size
(Font)              <5> on input line 3.
)
\tf@toc=\write3
\openout3 = `did-update.toc'.

<../graphs/Cosy Tariff Screenshot Dec 12.png, id=20, 803.0pt x 482.80376pt>
File: ../graphs/Cosy Tariff Screenshot Dec 12.png Graphic file (type png)
<use ../graphs/Cosy Tariff Screenshot Dec 12.png>
Package pdftex.def Info: ../graphs/Cosy Tariff Screenshot Dec 12.png  used on input line 117.
(pdftex.def)             Requested size: 281.8629pt x 169.47006pt.
[1

{/Users/louise/Library/TinyTeX/texmf-var/fonts/map/pdftex/updmap/pdftex.map}{/Users/louise/Library/TinyTeX/texmf-dist/fonts/enc/dvips/lm/lm-ec.enc}]
LaTeX Font Info:    Trying to load font information for TS1+lmr on input line 133.
(/Users/louise/Library/TinyTeX/texmf-dist/tex/latex/lm/ts1lmr.fd
File: ts1lmr.fd 2015/05/01 v1.6.1 Font defs for Latin Modern
) [2{/Users/louise/Library/TinyTeX/texmf-dist/fonts/enc/dvips/lm/lm-ts1.enc} <../graphs/Cosy Tariff Screenshot Dec 12.png>]
<../graphs/weekly_adoptions.png, id=59, 1896.08376pt x 947.54pt>
File: ../graphs/weekly_adoptions.png Graphic file (type png)
<use ../graphs/weekly_adoptions.png>
Package pdftex.def Info: ../graphs/weekly_adoptions.png  used on input line 165.
(pdftex.def)             Requested size: 281.8543pt x 140.85254pt.
<../graphs/top10_before_cosy.png, id=63, 1957.3125pt x 1354.05875pt>
File: ../graphs/top10_before_cosy.png Graphic file (type png)
<use ../graphs/top10_before_cosy.png>
Package pdftex.def Info: ../graphs/top10_before_cosy.png  used on input line 182.
(pdftex.def)             Requested size: 281.84682pt x 194.98018pt.
[3 <../graphs/weekly_adoptions.png>]
<../graphs/top10_after_cosy.png, id=76, 1957.3125pt x 1354.05875pt>
File: ../graphs/top10_after_cosy.png Graphic file (type png)
<use ../graphs/top10_after_cosy.png>
Package pdftex.def Info: ../graphs/top10_after_cosy.png  used on input line 191.
(pdftex.def)             Requested size: 281.84682pt x 194.98018pt.
<../graphs/early_versus_late.png, id=77, 1957.3125pt x 1354.05875pt>
File: ../graphs/early_versus_late.png Graphic file (type png)
<use ../graphs/early_versus_late.png>
Package pdftex.def Info: ../graphs/early_versus_late.png  used on input line 206.
(pdftex.def)             Requested size: 281.84682pt x 194.98018pt.
[4 <../graphs/top10_before_cosy.png> <../graphs/top10_after_cosy.png>] [5{/Users/louise/Library/TinyTeX/texmf-dist/fonts/enc/dvips/lm/lm-mathit.enc}{/Users/louise/Library/TinyTeX/texmf-dist/fonts/enc/dvips/lm/lm-rm.enc} <../graphs/early_versus_late.png>] [6] (../tables/did.tex) [7

{/Users/louise/Library/TinyTeX/texmf-dist/fonts/enc/dvips/lm/lm-mathsy.enc}]
<../graphs/consumption_did.png, id=113, 1896.08376pt x 947.54pt>
File: ../graphs/consumption_did.png Graphic file (type png)
<use ../graphs/consumption_did.png>
Package pdftex.def Info: ../graphs/consumption_did.png  used on input line 273.
(pdftex.def)             Requested size: 281.8543pt x 140.85254pt.
<../graphs/hourly_consumption.png, id=114, 3011.25pt x 1204.5pt>
File: ../graphs/hourly_consumption.png Graphic file (type png)
<use ../graphs/hourly_consumption.png>
Package pdftex.def Info: ../graphs/hourly_consumption.png  used on input line 282.
(pdftex.def)             Requested size: 281.84451pt x 112.73781pt.

LaTeX Warning: Reference `(' on page 8 undefined on input line 291.

[8

 <../graphs/consumption_did.png> <../graphs/hourly_consumption.png>] [9] (../tables/did_seasons.tex) [10

]
<../graphs/temperature_morning_cosy.png, id=138, 1896.08376pt x 947.54pt>
File: ../graphs/temperature_morning_cosy.png Graphic file (type png)
<use ../graphs/temperature_morning_cosy.png>
Package pdftex.def Info: ../graphs/temperature_morning_cosy.png  used on input line 330.
(pdftex.def)             Requested size: 281.8543pt x 140.85254pt.
<../graphs/temperature_afternoon_cosy.png, id=139, 1896.08376pt x 947.54pt>
File: ../graphs/temperature_afternoon_cosy.png Graphic file (type png)
<use ../graphs/temperature_afternoon_cosy.png>
Package pdftex.def Info: ../graphs/temperature_afternoon_cosy.png  used on input line 339.
(pdftex.def)             Requested size: 281.8543pt x 140.85254pt.
<../graphs/temperature_peak_rate.png, id=140, 1896.08376pt x 947.54pt>
File: ../graphs/temperature_peak_rate.png Graphic file (type png)
<use ../graphs/temperature_peak_rate.png>
Package pdftex.def Info: ../graphs/temperature_peak_rate.png  used on input line 348.
(pdftex.def)             Requested size: 281.8543pt x 140.85254pt.
[11

 <../graphs/temperature_morning_cosy.png> <../graphs/temperature_afternoon_cosy.png>]
<../graphs/temperature_other.png, id=150, 1896.08376pt x 947.54pt>
File: ../graphs/temperature_other.png Graphic file (type png)
<use ../graphs/temperature_other.png>
Package pdftex.def Info: ../graphs/temperature_other.png  used on input line 357.
(pdftex.def)             Requested size: 281.8543pt x 140.85254pt.
[12 <../graphs/temperature_peak_rate.png> <../graphs/temperature_other.png>]
<../graphs/eac_morning_cosy.png, id=159, 1896.08376pt x 947.54pt>
File: ../graphs/eac_morning_cosy.png Graphic file (type png)
<use ../graphs/eac_morning_cosy.png>
Package pdftex.def Info: ../graphs/eac_morning_cosy.png  used on input line 388.
(pdftex.def)             Requested size: 281.8543pt x 140.85254pt.
<../graphs/eac_afternoon_cosy.png, id=160, 1896.08376pt x 947.54pt>
File: ../graphs/eac_afternoon_cosy.png Graphic file (type png)
<use ../graphs/eac_afternoon_cosy.png>
Package pdftex.def Info: ../graphs/eac_afternoon_cosy.png  used on input line 397.
(pdftex.def)             Requested size: 281.8543pt x 140.85254pt.
[13 <../graphs/eac_morning_cosy.png>]
<../graphs/eac_peak_rate.png, id=170, 1896.08376pt x 947.54pt>
File: ../graphs/eac_peak_rate.png Graphic file (type png)
<use ../graphs/eac_peak_rate.png>
Package pdftex.def Info: ../graphs/eac_peak_rate.png  used on input line 406.
(pdftex.def)             Requested size: 281.8543pt x 140.85254pt.
<../graphs/eac_other.png, id=171, 1896.08376pt x 947.54pt>
File: ../graphs/eac_other.png Graphic file (type png)
<use ../graphs/eac_other.png>
Package pdftex.def Info: ../graphs/eac_other.png  used on input line 415.
(pdftex.def)             Requested size: 281.8543pt x 140.85254pt.
<../graphs/eac_share_morning_cosy.png, id=172, 1896.08376pt x 947.54pt>
File: ../graphs/eac_share_morning_cosy.png Graphic file (type png)
<use ../graphs/eac_share_morning_cosy.png>
Package pdftex.def Info: ../graphs/eac_share_morning_cosy.png  used on input line 424.
(pdftex.def)             Requested size: 281.8543pt x 140.85254pt.
[14 <../graphs/eac_afternoon_cosy.png> <../graphs/eac_peak_rate.png> <../graphs/eac_other.png>]
<../graphs/eac_share_afternoon_cosy.png, id=183, 1896.08376pt x 947.54pt>
File: ../graphs/eac_share_afternoon_cosy.png Graphic file (type png)
<use ../graphs/eac_share_afternoon_cosy.png>
Package pdftex.def Info: ../graphs/eac_share_afternoon_cosy.png  used on input line 433.
(pdftex.def)             Requested size: 281.8543pt x 140.85254pt.
<../graphs/eac_share_peak_rate.png, id=184, 1896.08376pt x 947.54pt>
File: ../graphs/eac_share_peak_rate.png Graphic file (type png)
<use ../graphs/eac_share_peak_rate.png>
Package pdftex.def Info: ../graphs/eac_share_peak_rate.png  used on input line 442.
(pdftex.def)             Requested size: 281.8543pt x 140.85254pt.
<../graphs/eac_share_other.png, id=185, 1896.08376pt x 947.54pt>
File: ../graphs/eac_share_other.png Graphic file (type png)
<use ../graphs/eac_share_other.png>
Package pdftex.def Info: ../graphs/eac_share_other.png  used on input line 451.
(pdftex.def)             Requested size: 281.8543pt x 140.85254pt.
[15 <../graphs/eac_share_morning_cosy.png> <../graphs/eac_share_afternoon_cosy.png> <../graphs/eac_share_peak_rate.png>]
<../graphs/epc_morning_cosy.png, id=196, 1896.08376pt x 947.54pt>
File: ../graphs/epc_morning_cosy.png Graphic file (type png)
<use ../graphs/epc_morning_cosy.png>
Package pdftex.def Info: ../graphs/epc_morning_cosy.png  used on input line 464.
(pdftex.def)             Requested size: 281.8543pt x 140.85254pt.
<../graphs/epc_afternoon_cosy.png, id=197, 1896.08376pt x 947.54pt>
File: ../graphs/epc_afternoon_cosy.png Graphic file (type png)
<use ../graphs/epc_afternoon_cosy.png>
Package pdftex.def Info: ../graphs/epc_afternoon_cosy.png  used on input line 473.
(pdftex.def)             Requested size: 281.8543pt x 140.85254pt.
[16 <../graphs/eac_share_other.png> <../graphs/epc_morning_cosy.png>]
<../graphs/epc_peak_rate.png, id=207, 1896.08376pt x 947.54pt>
File: ../graphs/epc_peak_rate.png Graphic file (type png)
<use ../graphs/epc_peak_rate.png>
Package pdftex.def Info: ../graphs/epc_peak_rate.png  used on input line 482.
(pdftex.def)             Requested size: 281.8543pt x 140.85254pt.
<../graphs/epc_other.png, id=208, 1896.08376pt x 947.54pt>
File: ../graphs/epc_other.png Graphic file (type png)
<use ../graphs/epc_other.png>
Package pdftex.def Info: ../graphs/epc_other.png  used on input line 491.
(pdftex.def)             Requested size: 281.8543pt x 140.85254pt.
[17 <../graphs/epc_afternoon_cosy.png> <../graphs/epc_peak_rate.png> <../graphs/epc_other.png>]
<../graphs/heatloss_morning_cosy.png, id=220, 1896.08376pt x 947.54pt>
File: ../graphs/heatloss_morning_cosy.png Graphic file (type png)
<use ../graphs/heatloss_morning_cosy.png>
Package pdftex.def Info: ../graphs/heatloss_morning_cosy.png  used on input line 506.
(pdftex.def)             Requested size: 281.8543pt x 140.85254pt.
<../graphs/heatloss_afternoon_cosy.png, id=221, 1896.08376pt x 947.54pt>
File: ../graphs/heatloss_afternoon_cosy.png Graphic file (type png)
<use ../graphs/heatloss_afternoon_cosy.png>
Package pdftex.def Info: ../graphs/heatloss_afternoon_cosy.png  used on input line 515.
(pdftex.def)             Requested size: 281.8543pt x 140.85254pt.
<../graphs/heatloss_peak_rate.png, id=222, 1896.08376pt x 947.54pt>
File: ../graphs/heatloss_peak_rate.png Graphic file (type png)
<use ../graphs/heatloss_peak_rate.png>
Package pdftex.def Info: ../graphs/heatloss_peak_rate.png  used on input line 524.
(pdftex.def)             Requested size: 281.8543pt x 140.85254pt.
<../graphs/heatloss_other.png, id=223, 1896.08376pt x 947.54pt>
File: ../graphs/heatloss_other.png Graphic file (type png)
<use ../graphs/heatloss_other.png>
Package pdftex.def Info: ../graphs/heatloss_other.png  used on input line 533.
(pdftex.def)             Requested size: 281.8543pt x 140.85254pt.
[18 <../graphs/heatloss_morning_cosy.png> <../graphs/heatloss_afternoon_cosy.png> <../graphs/heatloss_peak_rate.png>] [19 <../graphs/heatloss_other.png>] (../tables/did_region.tex

LaTeX Warning: Float too large for page by 60.17575pt on input line 51.

) [20]

LaTeX Warning: Reference `tab:prevvar' on page 21 undefined on input line 551.

[21


] (../tables/did_prevar.tex) [22

]

LaTeX Warning: Reference `sec:baconexplanation' on page 23 undefined on input line 559.

<../graphs/monthly_att_morning_cosy.png, id=258, 2107.875pt x 2107.875pt>
File: ../graphs/monthly_att_morning_cosy.png Graphic file (type png)
<use ../graphs/monthly_att_morning_cosy.png>
Package pdftex.def Info: ../graphs/monthly_att_morning_cosy.png  used on input line 591.
(pdftex.def)             Requested size: 281.8491pt x 281.8491pt.
[23

]
<../graphs/monthly_att_afternoon_cosy.png, id=265, 2107.875pt x 2107.875pt>
File: ../graphs/monthly_att_afternoon_cosy.png Graphic file (type png)
<use ../graphs/monthly_att_afternoon_cosy.png>
Package pdftex.def Info: ../graphs/monthly_att_afternoon_cosy.png  used on input line 600.
(pdftex.def)             Requested size: 281.8491pt x 281.8491pt.
<../graphs/monthly_att_peak_rate.png, id=266, 2107.875pt x 2107.875pt>
File: ../graphs/monthly_att_peak_rate.png Graphic file (type png)
<use ../graphs/monthly_att_peak_rate.png>
Package pdftex.def Info: ../graphs/monthly_att_peak_rate.png  used on input line 609.
(pdftex.def)             Requested size: 281.8491pt x 281.8491pt.
[24 <../graphs/monthly_att_morning_cosy.png> <../graphs/monthly_att_afternoon_cosy.png>]
<../graphs/monthly_att_other.png, id=275, 2107.875pt x 2107.875pt>
File: ../graphs/monthly_att_other.png Graphic file (type png)
<use ../graphs/monthly_att_other.png>
Package pdftex.def Info: ../graphs/monthly_att_other.png  used on input line 618.
(pdftex.def)             Requested size: 281.8491pt x 281.8491pt.
<../graphs/monthly_att_overall.png, id=276, 2195.20125pt x 1356.06625pt>
File: ../graphs/monthly_att_overall.png Graphic file (type png)
<use ../graphs/monthly_att_overall.png>
Package pdftex.def Info: ../graphs/monthly_att_overall.png  used on input line 627.
(pdftex.def)             Requested size: 281.8356pt x 174.10146pt.
[25 <../graphs/monthly_att_peak_rate.png> <../graphs/monthly_att_other.png>]
<../graphs/plot_Afternoon Cosy.png, id=291, 3011.25pt x 2409.0pt>
File: ../graphs/plot_Afternoon Cosy.png Graphic file (type png)
<use ../graphs/plot_Afternoon Cosy.png>
Package pdftex.def Info: ../graphs/plot_Afternoon Cosy.png  used on input line 644.
(pdftex.def)             Requested size: 281.84451pt x 225.47562pt.
<../graphs/plot_Morning Cosy.png, id=292, 3011.25pt x 2409.0pt>
File: ../graphs/plot_Morning Cosy.png Graphic file (type png)
<use ../graphs/plot_Morning Cosy.png>
Package pdftex.def Info: ../graphs/plot_Morning Cosy.png  used on input line 653.
(pdftex.def)             Requested size: 281.84451pt x 225.47562pt.
[26 <../graphs/monthly_att_overall.png> <../graphs/plot_Afternoon Cosy.png>]
<../graphs/plot_Peak Rate.png, id=306, 3011.25pt x 2409.0pt>
File: ../graphs/plot_Peak Rate.png Graphic file (type png)
<use ../graphs/plot_Peak Rate.png>
Package pdftex.def Info: ../graphs/plot_Peak Rate.png  used on input line 662.
(pdftex.def)             Requested size: 281.84451pt x 225.47562pt.
<../graphs/plot_Other.png, id=307, 3011.25pt x 2409.0pt>
File: ../graphs/plot_Other.png Graphic file (type png)
<use ../graphs/plot_Other.png>
Package pdftex.def Info: ../graphs/plot_Other.png  used on input line 671.
(pdftex.def)             Requested size: 281.84451pt x 225.47562pt.
[27 <../graphs/plot_Morning Cosy.png> <../graphs/plot_Peak Rate.png>]
<../graphs/plot_Overall.png, id=314, 3011.25pt x 2409.0pt>
File: ../graphs/plot_Overall.png Graphic file (type png)
<use ../graphs/plot_Overall.png>
Package pdftex.def Info: ../graphs/plot_Overall.png  used on input line 680.
(pdftex.def)             Requested size: 281.84451pt x 225.47562pt.
<../graphs/groupplot_Afternoon Cosy.png, id=315, 3011.25pt x 2409.0pt>
File: ../graphs/groupplot_Afternoon Cosy.png Graphic file (type png)
<use ../graphs/groupplot_Afternoon Cosy.png>
Package pdftex.def Info: ../graphs/groupplot_Afternoon Cosy.png  used on input line 697.
(pdftex.def)             Requested size: 281.84451pt x 225.47562pt.
[28 <../graphs/plot_Other.png> <../graphs/plot_Overall.png>]
<../graphs/groupplot_Morning Cosy.png, id=323, 3011.25pt x 2409.0pt>
File: ../graphs/groupplot_Morning Cosy.png Graphic file (type png)
<use ../graphs/groupplot_Morning Cosy.png>
Package pdftex.def Info: ../graphs/groupplot_Morning Cosy.png  used on input line 706.
(pdftex.def)             Requested size: 281.84451pt x 225.47562pt.
<../graphs/groupplot_Peak Rate.png, id=324, 3011.25pt x 2409.0pt>
File: ../graphs/groupplot_Peak Rate.png Graphic file (type png)
<use ../graphs/groupplot_Peak Rate.png>
Package pdftex.def Info: ../graphs/groupplot_Peak Rate.png  used on input line 715.
(pdftex.def)             Requested size: 281.84451pt x 225.47562pt.
[29 <../graphs/groupplot_Afternoon Cosy.png> <../graphs/groupplot_Morning Cosy.png>]
<../graphs/groupplot_Other.png, id=333, 3011.25pt x 2409.0pt>
File: ../graphs/groupplot_Other.png Graphic file (type png)
<use ../graphs/groupplot_Other.png>
Package pdftex.def Info: ../graphs/groupplot_Other.png  used on input line 724.
(pdftex.def)             Requested size: 281.84451pt x 225.47562pt.
<../graphs/groupplot_Overall.png, id=334, 3011.25pt x 2409.0pt>
File: ../graphs/groupplot_Overall.png Graphic file (type png)
<use ../graphs/groupplot_Overall.png>
Package pdftex.def Info: ../graphs/groupplot_Overall.png  used on input line 733.
(pdftex.def)             Requested size: 281.84451pt x 225.47562pt.
[30 <../graphs/groupplot_Peak Rate.png> <../graphs/groupplot_Other.png>]
<../graphs/calendarplot_Afternoon Cosy.png, id=348, 1505.625pt x 1204.5pt>
File: ../graphs/calendarplot_Afternoon Cosy.png Graphic file (type png)
<use ../graphs/calendarplot_Afternoon Cosy.png>
Package pdftex.def Info: ../graphs/calendarplot_Afternoon Cosy.png  used on input line 756.
(pdftex.def)             Requested size: 281.84451pt x 225.47562pt.
[31 <../graphs/groupplot_Overall.png>]
<../graphs/calendarplot_Morning Cosy.png, id=363, 1505.625pt x 1204.5pt>
File: ../graphs/calendarplot_Morning Cosy.png Graphic file (type png)
<use ../graphs/calendarplot_Morning Cosy.png>
Package pdftex.def Info: ../graphs/calendarplot_Morning Cosy.png  used on input line 765.
(pdftex.def)             Requested size: 281.84451pt x 225.47562pt.
<../graphs/calendarplot_Peak Rate.png, id=364, 1505.625pt x 1204.5pt>
File: ../graphs/calendarplot_Peak Rate.png Graphic file (type png)
<use ../graphs/calendarplot_Peak Rate.png>
Package pdftex.def Info: ../graphs/calendarplot_Peak Rate.png  used on input line 774.
(pdftex.def)             Requested size: 281.84451pt x 225.47562pt.
[32 <../graphs/calendarplot_Afternoon Cosy.png> <../graphs/calendarplot_Morning Cosy.png>]
<../graphs/calendarplot_Other.png, id=371, 1505.625pt x 1204.5pt>
File: ../graphs/calendarplot_Other.png Graphic file (type png)
<use ../graphs/calendarplot_Other.png>
Package pdftex.def Info: ../graphs/calendarplot_Other.png  used on input line 783.
(pdftex.def)             Requested size: 281.84451pt x 225.47562pt.
<../graphs/calendarplot_Overall.png, id=372, 1505.625pt x 1204.5pt>
File: ../graphs/calendarplot_Overall.png Graphic file (type png)
<use ../graphs/calendarplot_Overall.png>
Package pdftex.def Info: ../graphs/calendarplot_Overall.png  used on input line 792.
(pdftex.def)             Requested size: 281.84451pt x 225.47562pt.
[33 <../graphs/calendarplot_Peak Rate.png> <../graphs/calendarplot_Other.png>] [34 <../graphs/calendarplot_Overall.png>] [35]
<../graphs/bacon_decomposition.png, id=398, 2107.875pt x 2107.875pt>
File: ../graphs/bacon_decomposition.png Graphic file (type png)
<use ../graphs/bacon_decomposition.png>
Package pdftex.def Info: ../graphs/bacon_decomposition.png  used on input line 936.
(pdftex.def)             Requested size: 281.8491pt x 281.8491pt.
[36]
<../graphs/bacon_decompostion_subgroup.png, id=406, 2107.875pt x 2107.875pt>
File: ../graphs/bacon_decompostion_subgroup.png Graphic file (type png)
<use ../graphs/bacon_decompostion_subgroup.png>
Package pdftex.def Info: ../graphs/bacon_decompostion_subgroup.png  used on input line 945.
(pdftex.def)             Requested size: 281.8491pt x 281.8491pt.
[37 <../graphs/bacon_decomposition.png> <../graphs/bacon_decompostion_subgroup.png>] (../tables/did_table_share.tex) [38]
<../graphs/importance.png, id=419, 2107.875pt x 2107.875pt>
File: ../graphs/importance.png Graphic file (type png)
<use ../graphs/importance.png>
Package pdftex.def Info: ../graphs/importance.png  used on input line 986.
(pdftex.def)             Requested size: 281.8491pt x 281.8491pt.
[39 <../graphs/importance.png>]
<../graphs/predictions_over_time.png, id=430, 2107.875pt x 2107.875pt>
File: ../graphs/predictions_over_time.png Graphic file (type png)
<use ../graphs/predictions_over_time.png>
Package pdftex.def Info: ../graphs/predictions_over_time.png  used on input line 1019.
(pdftex.def)             Requested size: 281.8491pt x 281.8491pt.
[40 <../graphs/predictions_over_time.png>] [41] (../tables/hp_impact.tex)
<../graphs/predicted_HP_installations.png, id=452, 2107.875pt x 2107.875pt>
File: ../graphs/predicted_HP_installations.png Graphic file (type png)
<use ../graphs/predicted_HP_installations.png>
Package pdftex.def Info: ../graphs/predicted_HP_installations.png  used on input line 1110.
(pdftex.def)             Requested size: 281.8491pt x 281.8491pt.
[42] [43 <../graphs/predicted_HP_installations.png>] (../tables/did_hp_install.tex) [44

]
<did-update_files/figure-latex/event-study-period-1.pdf, id=473, 469.755pt x 325.215pt>
File: did-update_files/figure-latex/event-study-period-1.pdf Graphic file (type pdf)
<use did-update_files/figure-latex/event-study-period-1.pdf>
Package pdftex.def Info: did-update_files/figure-latex/event-study-period-1.pdf  used on input line 1139.
(pdftex.def)             Requested size: 281.85518pt x 195.1305pt.
<did-update_files/figure-latex/event-study-period-2.pdf, id=474, 469.755pt x 325.215pt>
File: did-update_files/figure-latex/event-study-period-2.pdf Graphic file (type pdf)
<use did-update_files/figure-latex/event-study-period-2.pdf>
Package pdftex.def Info: did-update_files/figure-latex/event-study-period-2.pdf  used on input line 1147.
(pdftex.def)             Requested size: 281.85518pt x 195.1305pt.
<did-update_files/figure-latex/event-study-period-3.pdf, id=475, 469.755pt x 325.215pt>
File: did-update_files/figure-latex/event-study-period-3.pdf Graphic file (type pdf)
<use did-update_files/figure-latex/event-study-period-3.pdf>
Package pdftex.def Info: did-update_files/figure-latex/event-study-period-3.pdf  used on input line 1155.
(pdftex.def)             Requested size: 281.85518pt x 195.1305pt.
<did-update_files/figure-latex/event-study-period-4.pdf, id=476, 469.755pt x 325.215pt>
File: did-update_files/figure-latex/event-study-period-4.pdf Graphic file (type pdf)
<use did-update_files/figure-latex/event-study-period-4.pdf>
Package pdftex.def Info: did-update_files/figure-latex/event-study-period-4.pdf  used on input line 1163.
(pdftex.def)             Requested size: 281.85518pt x 195.1305pt.
[45

{/Users/louise/Library/TinyTeX/texmf-dist/fonts/enc/dvips/lm/lm-mathex.enc} <./did-update_files/figure-latex/event-study-period-1.pdf> <./did-update_files/figure-latex/event-study-period-2.pdf>] [46 <./did-update_files/figure-latex/event-study-period-3.pdf> <./did-update_files/figure-latex/event-study-period-4.pdf>] (./did-update.aux)
 ***********
LaTeX2e <2023-11-01> patch level 1
L3 programming layer <2024-04-11>
 ***********

LaTeX Warning: There were undefined references.

 ) 
Here is how much of TeX's memory you used:
 14285 strings out of 476010
 237632 string characters out of 5790701
 1948751 words of memory out of 5000000
 36018 multiletter control sequences out of 15000+600000
 617823 words of font info for 81 fonts, out of 8000000 for 9000
 14 hyphenation exceptions out of 8191
 89i,11n,93p,910b,514s stack positions out of 10000i,1000n,20000p,200000b,200000s
</Users/louise/Library/TinyTeX/texmf-dist/fonts/type1/public/lm/lmbx10.pfb></Users/louise/Library/TinyTeX/texmf-dist/fonts/type1/public/lm/lmbx12.pfb></Users/louise/Library/TinyTeX/texmf-dist/fonts/type1/public/lm/lmex10.pfb></Users/louise/Library/TinyTeX/texmf-dist/fonts/type1/public/lm/lmmi10.pfb></Users/louise/Library/TinyTeX/texmf-dist/fonts/type1/public/lm/lmmi7.pfb></Users/louise/Library/TinyTeX/texmf-dist/fonts/type1/public/lm/lmr10.pfb></Users/louise/Library/TinyTeX/texmf-dist/fonts/type1/public/lm/lmr12.pfb></Users/louise/Library/TinyTeX/texmf-dist/fonts/type1/public/lm/lmr17.pfb></Users/louise/Library/TinyTeX/texmf-dist/fonts/type1/public/lm/lmr6.pfb></Users/louise/Library/TinyTeX/texmf-dist/fonts/type1/public/lm/lmr7.pfb></Users/louise/Library/TinyTeX/texmf-dist/fonts/type1/public/lm/lmr8.pfb></Users/louise/Library/TinyTeX/texmf-dist/fonts/type1/public/lm/lmri10.pfb></Users/louise/Library/TinyTeX/texmf-dist/fonts/type1/public/lm/lmsy10.pfb></Users/louise/Library/TinyTeX/texmf-dist/fonts/type1/public/lm/lmsy7.pfb>
Output written on did-update.pdf (46 pages, 11896027 bytes).
PDF statistics:
 673 PDF objects out of 1000 (max. 8388607)
 477 compressed objects within 5 object streams
 163 named destinations out of 1000 (max. 500000)
 409 words of extra memory for PDF output out of 10000 (max. 10000000)

